// Jest Snapshot v1, https://goo.gl/fbAQLP

exports[`should fetch data comments 1`] = `
Array [
  Object {
    "columnId": "UpPKrbzD8yBN",
    "columnName": "To-do",
    "swimlaneId": "V8pP3mn7NcSG",
    "swimlaneName": "A",
    "tasks": Array [
      Object {
        "_id": "hknJb3Jy",
        "color": "white",
        "columnId": "UpPKrbzD8yBN",
        "description": "",
        "name": "swim2",
        "number": Object {
          "prefix": "PRE-",
          "value": 2,
        },
        "swimlaneId": "V8pP3mn7NcSG",
        "totalSecondsEstimate": 0,
        "totalSecondsSpent": 0,
      },
    ],
    "tasksLimited": false,
  },
  Object {
    "columnId": "UpPKrbzD8yBN",
    "columnName": "To-do",
    "swimlaneId": "V9eKUkwDY8Vz",
    "swimlaneName": "B",
    "tasks": Array [
      Object {
        "_id": "hkoDXmD6",
        "color": "white",
        "columnId": "UpPKrbzD8yBN",
        "description": "",
        "name": "swim1",
        "number": Object {
          "prefix": "PRE-",
          "value": 3,
        },
        "swimlaneId": "V9eKUkwDY8Vz",
        "totalSecondsEstimate": 0,
        "totalSecondsSpent": 0,
      },
    ],
    "tasksLimited": false,
  },
  Object {
    "columnId": "Uqsc6jy2Cbl9",
    "columnName": "TEST",
    "swimlaneId": "V8pP3mn7NcSG",
    "swimlaneName": "A",
    "tasks": Array [
      Object {
        "_id": "hh6RHiEw",
        "color": "white",
        "columnId": "Uqsc6jy2Cbl9",
        "description": "",
        "groupingDate": "",
        "name": "test_task",
        "swimlaneId": "V8pP3mn7NcSG",
        "totalSecondsEstimate": 0,
        "totalSecondsSpent": 0,
      },
      Object {
        "_id": "hia9zFNn",
        "color": "white",
        "columnId": "Uqsc6jy2Cbl9",
        "dates": Array [
          Object {
            "dateType": "dueDate",
            "dueTimestamp": "2019-11-01T06:00:00.000Z",
            "dueTimestampLocal": "2019-11-01T17:00:00+11:00",
            "status": "active",
            "targetColumnId": "UsbzO1HUaPhw",
          },
        ],
        "description": "test",
        "groupingDate": "",
        "labels": Array [
          Object {
            "name": "test_label",
            "pinned": false,
          },
        ],
        "name": "test_task3",
        "number": Object {
          "prefix": "PRE-",
          "value": 1,
        },
        "responsibleUserId": "5b2a3ad796a22ce0d687f7f8181232b1",
        "subTasks": Array [
          Object {
            "dueDateTimestamp": "2019-11-01T06:00:00.000Z",
            "dueDateTimestampLocal": "2019-11-01T17:00:00+11:00",
            "finished": false,
            "name": "sub1",
          },
          Object {
            "finished": false,
            "name": "sub2",
            "userId": "5b2a3ad796a22ce0d687f7f8181232b1",
          },
        ],
        "swimlaneId": "V8pP3mn7NcSG",
        "totalSecondsEstimate": 60,
        "totalSecondsSpent": 60,
      },
    ],
    "tasksLimited": false,
  },
  Object {
    "columnId": "Uqsc6jy2Cbl9",
    "columnName": "TEST",
    "swimlaneId": "V9eKUkwDY8Vz",
    "swimlaneName": "B",
    "tasks": Array [],
    "tasksLimited": false,
  },
  Object {
    "columnId": "Urnu6XfQg3yU",
    "columnName": "Awaiting review",
    "swimlaneId": "V8pP3mn7NcSG",
    "swimlaneName": "A",
    "tasks": Array [],
    "tasksLimited": false,
  },
  Object {
    "columnId": "Urnu6XfQg3yU",
    "columnName": "Awaiting review",
    "swimlaneId": "V9eKUkwDY8Vz",
    "swimlaneName": "B",
    "tasks": Array [],
    "tasksLimited": false,
  },
  Object {
    "columnId": "UsbzO1HUaPhw",
    "columnName": "Done",
    "swimlaneId": "V8pP3mn7NcSG",
    "swimlaneName": "A",
    "tasks": Array [],
    "tasksLimited": false,
  },
  Object {
    "columnId": "UsbzO1HUaPhw",
    "columnName": "Done",
    "swimlaneId": "V9eKUkwDY8Vz",
    "swimlaneName": "B",
    "tasks": Array [],
    "tasksLimited": false,
  },
]
`;

exports[`should fetch data labels 1`] = `
Array [
  Object {
    "columnId": "UpPKrbzD8yBN",
    "columnName": "To-do",
    "swimlaneId": "V8pP3mn7NcSG",
    "swimlaneName": "A",
    "tasks": Array [
      Object {
        "_id": "hknJb3Jy",
        "color": "white",
        "columnId": "UpPKrbzD8yBN",
        "description": "",
        "name": "swim2",
        "number": Object {
          "prefix": "PRE-",
          "value": 2,
        },
        "swimlaneId": "V8pP3mn7NcSG",
        "totalSecondsEstimate": 0,
        "totalSecondsSpent": 0,
      },
    ],
    "tasksLimited": false,
  },
  Object {
    "columnId": "UpPKrbzD8yBN",
    "columnName": "To-do",
    "swimlaneId": "V9eKUkwDY8Vz",
    "swimlaneName": "B",
    "tasks": Array [
      Object {
        "_id": "hkoDXmD6",
        "color": "white",
        "columnId": "UpPKrbzD8yBN",
        "description": "",
        "name": "swim1",
        "number": Object {
          "prefix": "PRE-",
          "value": 3,
        },
        "swimlaneId": "V9eKUkwDY8Vz",
        "totalSecondsEstimate": 0,
        "totalSecondsSpent": 0,
      },
    ],
    "tasksLimited": false,
  },
  Object {
    "columnId": "Uqsc6jy2Cbl9",
    "columnName": "TEST",
    "swimlaneId": "V8pP3mn7NcSG",
    "swimlaneName": "A",
    "tasks": Array [
      Object {
        "_id": "hh6RHiEw",
        "color": "white",
        "columnId": "Uqsc6jy2Cbl9",
        "description": "",
        "groupingDate": "",
        "name": "test_task",
        "swimlaneId": "V8pP3mn7NcSG",
        "totalSecondsEstimate": 0,
        "totalSecondsSpent": 0,
      },
      Object {
        "_id": "hia9zFNn",
        "color": "white",
        "columnId": "Uqsc6jy2Cbl9",
        "dates": Array [
          Object {
            "dateType": "dueDate",
            "dueTimestamp": "2019-11-01T06:00:00.000Z",
            "dueTimestampLocal": "2019-11-01T17:00:00+11:00",
            "status": "active",
            "targetColumnId": "UsbzO1HUaPhw",
          },
        ],
        "description": "test",
        "groupingDate": "",
        "labels": Array [
          Object {
            "name": "test_label",
            "pinned": false,
          },
        ],
        "name": "test_task3",
        "number": Object {
          "prefix": "PRE-",
          "value": 1,
        },
        "responsibleUserId": "5b2a3ad796a22ce0d687f7f8181232b1",
        "subTasks": Array [
          Object {
            "dueDateTimestamp": "2019-11-01T06:00:00.000Z",
            "dueDateTimestampLocal": "2019-11-01T17:00:00+11:00",
            "finished": false,
            "name": "sub1",
          },
          Object {
            "finished": false,
            "name": "sub2",
            "userId": "5b2a3ad796a22ce0d687f7f8181232b1",
          },
        ],
        "swimlaneId": "V8pP3mn7NcSG",
        "totalSecondsEstimate": 60,
        "totalSecondsSpent": 60,
      },
    ],
    "tasksLimited": false,
  },
  Object {
    "columnId": "Uqsc6jy2Cbl9",
    "columnName": "TEST",
    "swimlaneId": "V9eKUkwDY8Vz",
    "swimlaneName": "B",
    "tasks": Array [],
    "tasksLimited": false,
  },
  Object {
    "columnId": "Urnu6XfQg3yU",
    "columnName": "Awaiting review",
    "swimlaneId": "V8pP3mn7NcSG",
    "swimlaneName": "A",
    "tasks": Array [],
    "tasksLimited": false,
  },
  Object {
    "columnId": "Urnu6XfQg3yU",
    "columnName": "Awaiting review",
    "swimlaneId": "V9eKUkwDY8Vz",
    "swimlaneName": "B",
    "tasks": Array [],
    "tasksLimited": false,
  },
  Object {
    "columnId": "UsbzO1HUaPhw",
    "columnName": "Done",
    "swimlaneId": "V8pP3mn7NcSG",
    "swimlaneName": "A",
    "tasks": Array [],
    "tasksLimited": false,
  },
  Object {
    "columnId": "UsbzO1HUaPhw",
    "columnName": "Done",
    "swimlaneId": "V9eKUkwDY8Vz",
    "swimlaneName": "B",
    "tasks": Array [],
    "tasksLimited": false,
  },
]
`;
